2024-11-18 04:59:16,515 - INFO - Successfully scraped data for URL 44 / 44: https://auto.8891.com.tw/usedauto-infos-3836194.html?display__sale_code=&flow_id=b6aae3c6-582e-42fa-aeff-0d0b30624c1b
2024-11-18 04:59:16,515 - INFO - Number 44 car_data {'brand': '奧斯頓·馬丁/Aston Martin', 'model': 'Rapide', 'car_id': 'S3836194', 'price': None, 'verify_tag': 'N', 'milage': 18000, 'product_year': '2014', 'color': '其他(水藍)', 'video': 'N', 'ask_num': '27', 'car_location': '北屯區', 'seller_info': '睿盛汽車有限公司', '胎壓偵測': 'Y', '動態穩定系統': 'Y', '防盜系統': 'Y', 'keyless免鑰系統': 'N', '循跡系統': 'Y', '中控鎖': 'Y', '剎車輔助系統': 'Y', '兒童安全椅固定裝置': 'Y', 'ABS防鎖死': 'Y', '安全氣囊': 'Y', '定速系統': 'Y', 'LED頭燈': 'N', '倒車顯影系統': 'Y', '衛星導航': 'Y', '多功能方向盤': 'Y', '倒車雷達': 'Y', '恆溫空調': 'Y', '自動停車系統': 'N', '電動天窗': 'N', '真皮/皮革座椅': 'Y'}
2024-11-18 04:59:16,600 - INFO - Data successfully saved to SQL.